c[ info ] starting server in hmr mode...
[ info ] loading hooks...
[ info ] generating indexes...
[ info ] codegen: created 5 file(s)
[ info ] starting HTTP server...
╭─────────────────────────────────────────────────╮
│                                                 │
│    Server address: http://localhost:3333        │
│    Mode: hmr                                    │
│    Ready in: 2.86 s                             │
│    Press h to show help                         │
│                                                 │
╰─────────────────────────────────────────────────╯
[18:31:03.515] [32mINFO[39m (7968): [36mstarted HTTP server on localhost:3333[39m
[18:31:03.688] [32mINFO[39m (7968): [36mSocket.io initialized[39m
[ info ] watching file system for changes...
[ info ] tuyau: created api client registry (./.adonisjs/client/registry) (5.21 ms)
cupdate database/schema.ts
╭─────────────────────────────────────────────────╮
│                                                 │
│    Server address: http://localhost:3333        │
│    Mode: hmr                                    │
│    Ready in: 900 ms                             │
│    Press h to show help                         │
│                                                 │
╰─────────────────────────────────────────────────╯
[19:00:37.358] [32mINFO[39m (10288): [36mstarted HTTP server on localhost:3333[39m
[19:00:37.512] [32mINFO[39m (10288): [36mSocket.io initialized[39m
[ info ] tuyau: created api client registry (./.adonisjs/client/registry) (5.17 ms)
cupdate database/schema.ts
╭─────────────────────────────────────────────────╮
│                                                 │
│    Server address: http://localhost:3333        │
│    Mode: hmr                                    │
│    Ready in: 899 ms                             │
│    Press h to show help                         │
│                                                 │
╰─────────────────────────────────────────────────╯
[19:10:44.433] [32mINFO[39m (17424): [36mstarted HTTP server on localhost:3333[39m
[19:10:44.584] [32mINFO[39m (17424): [36mSocket.io initialized[39m
[ info ] tuyau: created api client registry (./.adonisjs/client/registry) (3.78 ms)
cupdate start/socket.ts
╭─────────────────────────────────────────────────╮
│                                                 │
│    Server address: http://localhost:3333        │
│    Mode: hmr                                    │
│    Ready in: 865 ms                             │
│    Press h to show help                         │
│                                                 │
╰─────────────────────────────────────────────────╯
[19:17:56.594] [32mINFO[39m (4268): [36mstarted HTTP server on localhost:3333[39m
[19:17:56.749] [32mINFO[39m (4268): [36mSocket.io initialized[39m
[ info ] tuyau: created api client registry (./.adonisjs/client/registry) (3.84 ms)
cupdate start/socket.ts
╭─────────────────────────────────────────────────╮
│                                                 │
│    Server address: http://localhost:3333        │
│    Mode: hmr                                    │
│    Ready in: 991 ms                             │
│    Press h to show help                         │
│                                                 │
╰─────────────────────────────────────────────────╯
[19:18:05.560] [32mINFO[39m (15752): [36mstarted HTTP server on localhost:3333[39m
[19:18:05.716] [32mINFO[39m (15752): [36mSocket.io initialized[39m
[ info ] tuyau: created api client registry (./.adonisjs/client/registry) (4.29 ms)
cupdate database/schema.ts
╭─────────────────────────────────────────────────╮
│                                                 │
│    Server address: http://localhost:3333        │
│    Mode: hmr                                    │
│    Ready in: 804 ms                             │
│    Press h to show help                         │
│                                                 │
╰─────────────────────────────────────────────────╯
[20:40:59.747] [32mINFO[39m (10072): [36mstarted HTTP server on localhost:3333[39m
[20:40:59.898] [32mINFO[39m (10072): [36mSocket.io initialized[39m
[ info ] tuyau: created api client registry (./.adonisjs/client/registry) (4.08 ms)
cupdate start/socket.ts
╭─────────────────────────────────────────────────╮
│                                                 │
│    Server address: http://localhost:3333        │
│    Mode: hmr                                    │
│    Ready in: 863 ms                             │
│    Press h to show help                         │
│                                                 │
╰─────────────────────────────────────────────────╯
[20:42:23.525] [32mINFO[39m (2464): [36mstarted HTTP server on localhost:3333[39m
[20:42:23.666] [32mINFO[39m (2464): [36mSocket.io initialized[39m
[ info ] tuyau: created api client registry (./.adonisjs/client/registry) (3.32 ms)
cupdate database/schema.ts
╭─────────────────────────────────────────────────╮
│                                                 │
│    Server address: http://localhost:3333        │
│    Mode: hmr                                    │
│    Ready in: 811 ms                             │
│    Press h to show help                         │
│                                                 │
╰─────────────────────────────────────────────────╯
[21:02:40.878] [32mINFO[39m (18452): [36mstarted HTTP server on localhost:3333[39m
[21:02:41.046] [32mINFO[39m (18452): [36mSocket.io initialized[39m
[ info ] tuyau: created api client registry (./.adonisjs/client/registry) (4.58 ms)
